drivers/gpio/gpio-uclass.c:562:12:_gpio_get_value	32	static
drivers/gpio/gpio-uclass.c:1461:12:gpio_post_bind	0	static
drivers/gpio/gpio-uclass.c:839:12:get_function	48	static
drivers/gpio/gpio-uclass.c:58:12:gpio_to_device	48	static
drivers/gpio/gpio-uclass.c:498:12:check_reserved	32	static
drivers/gpio/gpio-uclass.c:1315:12:gpio_renumber	64	static
drivers/gpio/gpio-uclass.c:1363:12:gpio_pre_remove	48	static
drivers/gpio/gpio-uclass.c:1352:12:gpio_post_probe	32	static
drivers/gpio/gpio-uclass.c:115:5:dm_gpio_lookup_name	80	static
drivers/gpio/gpio-uclass.c:160:5:gpio_lookup_name	80	static
drivers/gpio/gpio-uclass.c:185:15:gpio_flags_xlate	0	static
drivers/gpio/gpio-uclass.c:213:5:gpio_xlate_offs_flags	32	static
drivers/gpio/gpio-uclass.c:361:5:gpio_hog_lookup_name	0	static
drivers/gpio/gpio-uclass.c:367:5:dm_gpio_request	64	static
drivers/gpio/gpio-uclass.c:393:12:dm_gpio_requestf	192	static
drivers/gpio/gpio-uclass.c:420:5:gpio_request	64	static
drivers/gpio/gpio-uclass.c:442:5:gpio_requestf	192	static
drivers/gpio/gpio-uclass.c:457:5:_dm_gpio_free	64	static
drivers/gpio/gpio-uclass.c:486:5:gpio_free	48	static
drivers/gpio/gpio-uclass.c:572:5:dm_gpio_get_value	32	static
drivers/gpio/gpio-uclass.c:583:5:dm_gpio_set_value	32	static
drivers/gpio/gpio-uclass.c:699:5:dm_gpio_clrset_flags	64	static
drivers/gpio/gpio-uclass.c:525:5:gpio_direction_input	48	static
drivers/gpio/gpio-uclass.c:546:5:gpio_direction_output	64	static
drivers/gpio/gpio-uclass.c:720:5:dm_gpio_set_dir_flags	0	static
drivers/gpio/gpio-uclass.c:1110:12:gpio_request_tail	80	static
drivers/gpio/gpio-uclass.c:1157:12:_gpio_request_by_name_nodev	176	static
drivers/gpio/gpio-uclass.c:726:5:dm_gpios_clrset_flags	64	static
drivers/gpio/gpio-uclass.c:741:5:dm_gpio_get_flags	80	static
drivers/gpio/gpio-uclass.c:787:5:gpio_get_value	48	static
drivers/gpio/gpio-uclass.c:808:5:gpio_set_value	64	static
drivers/gpio/gpio-uclass.c:819:13:gpio_get_bank_info	32	static
drivers/gpio/gpio-uclass.c:868:5:gpio_get_function	0	static
drivers/gpio/gpio-uclass.c:873:5:gpio_get_raw_function	0	static
drivers/gpio/gpio-uclass.c:878:5:gpio_get_status	96	static
drivers/gpio/gpio-uclass.c:944:5:gpio_claim_vector	64	static
drivers/gpio/gpio-uclass.c:975:5:gpio_get_values_as_int	48	static
drivers/gpio/gpio-uclass.c:995:5:dm_gpio_get_values_as_int	64	static
drivers/gpio/gpio-uclass.c:1013:5:dm_gpio_get_values_as_int_base3	48	static
drivers/gpio/gpio-uclass.c:1171:5:gpio_request_by_name_nodev	0	static
drivers/gpio/gpio-uclass.c:1178:5:gpio_request_by_name	160	static
drivers/gpio/gpio-uclass.c:1192:5:gpio_request_by_line_name	48	static
drivers/gpio/gpio-uclass.c:1256:5:gpio_get_list_count	0	static
drivers/gpio/gpio-uclass.c:1292:5:dm_gpio_free	0	static
drivers/gpio/gpio-uclass.c:1298:5:gpio_free_list	64	static
drivers/gpio/gpio-uclass.c:1309:5:gpio_free_list_nodev	0	static
drivers/gpio/gpio-uclass.c:1218:5:gpio_request_list_by_name_nodev	96	static
drivers/gpio/gpio-uclass.c:1243:5:gpio_request_list_by_name	0	static
drivers/gpio/gpio-uclass.c:1340:5:gpio_get_number	32	static
drivers/gpio/gpio-uclass.c:1377:5:gpio_dev_request_index	112	static
drivers/gpio/gpio-uclass.c:1402:19:devm_gpiod_get_index	64	static
drivers/gpio/gpio-uclass.c:1440:19:devm_gpiod_get_index_optional	16	static
drivers/gpio/gpio-uclass.c:1453:6:devm_gpiod_put	0	static
