boot/image.c:231:5:image_check_hcrc	96	static
boot/image.c:246:5:image_check_dcrc	32	static
boot/image.c:268:7:image_multi_count	0	static
boot/image.c:301:6:image_multi_getimg	16	static
boot/image.c:426:5:image_decomp_type	32	static
boot/image.c:534:22:get_table_entry	0	static
boot/image.c:672:20:genimg_get_short_name	16	static
boot/image.c:565:13:genimg_get_cat_name	48	static
boot/image.c:585:13:genimg_get_cat_short_name	48	static
boot/image.c:595:5:genimg_get_cat_count	0	static
boot/image.c:600:13:genimg_get_cat_desc	0	static
boot/image.c:615:6:genimg_cat_has_id	16	static
boot/image.c:637:7:get_table_entry_name	16	static
boot/image.c:645:13:genimg_get_os_name	0	static
boot/image.c:650:13:genimg_get_arch_name	0	static
boot/image.c:656:13:genimg_get_type_name	0	static
boot/image.c:441:5:image_decomp	112	static
boot/image.c:661:13:genimg_get_comp_name	0	static
boot/image.c:361:6:image_print_contents	96	static
boot/image.c:667:13:genimg_get_phase_name	0	static
boot/image.c:680:13:genimg_get_type_short_name	0	static
boot/image.c:685:13:genimg_get_comp_short_name	0	static
boot/image.c:690:13:genimg_get_os_short_name	0	static
boot/image.c:695:13:genimg_get_arch_short_name	0	static
boot/image.c:714:5:get_table_entry_id	32	static
boot/image.c:728:5:genimg_get_os_id	0	static
boot/image.c:733:5:genimg_get_arch_id	0	static
boot/image.c:738:5:genimg_get_type_id	0	static
boot/image.c:743:5:genimg_get_comp_id	0	static
boot/image.c:748:5:genimg_get_phase_id	0	static
