boot/pxe_utils.c:982:13:eol_or_eof	0	static
boot/pxe_utils.c:279:13:label_print	0	static
boot/pxe_utils.c:100:12:get_relfile	624	static
boot/pxe_utils.c:208:12:get_relfile_envaddr	64	static
boot/pxe_utils.c:258:13:label_destroy	32	static
boot/pxe_utils.c:860:14:get_string.constprop.isra	64	static
boot/pxe_utils.c:932:13:get_token	80	static
boot/pxe_utils.c:999:12:parse_sliteral	64	static
boot/pxe_utils.c:1019:12:parse_integer	64	static
boot/pxe_utils.c:38:5:pxe_get_file_size	32	static
boot/pxe_utils.c:67:5:format_mac_pxe	48	static
boot/pxe_utils.c:491:12:label_boot	2368	static
boot/pxe_utils.c:147:5:get_pxe_file	48	static
boot/pxe_utils.c:1048:12:handle_include	96	static
boot/pxe_utils.c:1307:12:parse_pxefile_top	192	static
boot/pxe_utils.c:175:5:get_pxelinux_path	592	static
boot/pxe_utils.c:1385:6:destroy_pxe_menu	48	static
boot/pxe_utils.c:1402:18:parse_pxefile	48	static
boot/pxe_utils.c:1512:6:handle_pxe_menu	128	static
boot/pxe_utils.c:1567:5:pxe_setup_ctx	64	static
boot/pxe_utils.c:1597:6:pxe_destroy_ctx	0	static
boot/pxe_utils.c:1602:5:pxe_process	48	static
