drivers/dfu/dfu.c:244:12:dfu_write_buffer_drain	48	static
drivers/dfu/dfu.c:35:13:dfu_flush_callback	0	static
drivers/dfu/dfu.c:43:13:dfu_initiated_callback	0	static
drivers/dfu/dfu.c:51:13:dfu_error_callback	0	static
drivers/dfu/dfu.c:66:13:dfu_usb_get_reset	0	static
drivers/dfu/dfu.c:185:16:dfu_free_buf	32	static
drivers/dfu/dfu.c:192:15:dfu_get_buf_size	0	static
drivers/dfu/dfu.c:197:16:dfu_get_buf	48	static
drivers/dfu/dfu.c:273:6:dfu_transaction_cleanup	32	static
drivers/dfu/dfu.c:289:5:dfu_transaction_initiate	32	static
drivers/dfu/dfu.c:316:5:dfu_flush	32	static
drivers/dfu/dfu.c:338:5:dfu_write	64	static
drivers/dfu/dfu.c:463:5:dfu_read	96	static
drivers/dfu/dfu.c:560:6:dfu_free_entities	48	static
drivers/dfu/dfu.c:578:5:dfu_alt_init	48	static
drivers/dfu/dfu.c:601:5:dfu_alt_add	144	static
drivers/dfu/dfu.c:105:5:dfu_config_interfaces	96	static
drivers/dfu/dfu.c:620:5:dfu_config_entities	96	static
drivers/dfu/dfu.c:147:5:dfu_init_env_entities	48	static
drivers/dfu/dfu.c:642:13:dfu_get_dev_type	96	static
drivers/dfu/dfu.c:649:13:dfu_get_layout	112	static
drivers/dfu/dfu.c:657:6:dfu_show_entities	48	static
drivers/dfu/dfu.c:670:5:dfu_get_alt_number	0	static
drivers/dfu/dfu.c:675:20:dfu_get_entity	0	static
drivers/dfu/dfu.c:687:5:dfu_get_alt	64	static
drivers/dfu/dfu.c:724:5:dfu_write_from_mem_addr	80	static
