disk/part_efi.c:62:14:print_efiname	0	static
disk/part_efi.c:309:12:part_test_efi	48	dynamic
disk/part_efi.c:171:13:prepare_backup_gpt_header	32	static
disk/part_efi.c:89:12:validate_gpt_header	80	static
disk/part_efi.c:1011:12:is_gpt_valid	112	dynamic
disk/part_efi.c:719:12:write_one_gpt_table	64	static
disk/part_efi.c:530:17:partition_entries_offset	32	static
disk/part_efi.c:1159:12:is_pte_valid.part.0	48	static
disk/part_efi.c:1078:12:find_valid_gpt.constprop	48	static
disk/part_efi.c:258:5:part_get_info_efi	96	dynamic
disk/part_efi.c:216:6:part_print_efi	112	dynamic
disk/part_efi.c:198:5:get_disk_guid	64	dynamic
disk/part_efi.c:362:5:write_gpt_table	96	dynamic
disk/part_efi.c:410:5:gpt_fill_pte	128	static
disk/part_efi.c:576:5:gpt_fill_header	48	static
disk/part_efi.c:600:5:gpt_restore	80	static
disk/part_efi.c:667:5:gpt_verify_headers	48	static
disk/part_efi.c:743:5:gpt_repair_headers	96	dynamic
disk/part_efi.c:787:5:gpt_verify_partitions	144	static
disk/part_efi.c:865:5:is_valid_gpt_buf	48	static
disk/part_efi.c:886:5:write_mbr_and_gpt_partitions	96	static
