include/log.h:665:19:log_init	0	static
common/board_r.c:84:12:cpu_secondary_init_r	0	static
common/board_r.c:89:12:initr_trace	0	static
common/board_r.c:98:12:initr_reloc	0	static
common/board_r.c:577:12:run_main_loop	16	static
common/board_r.c:502:12:initr_net	16	static
common/board_r.c:441:12:initr_env	32	static
common/board_r.c:402:12:initr_mmc	16	static
common/board_r.c:554:12:dm_announce	32	static
common/board_r.c:233:12:initr_dm	0	static
common/board_r.c:197:12:initr_malloc	16	static
common/board_r.c:124:12:initr_reloc_global_data	16	static
common/board_r.c:111:12:initr_caches	16	static
common/board_r.c:175:12:arch_initr_trap	0	static
common/board_r.c:188:12:initr_barrier	0	static
common/board_r.c:216:12:initr_of_live	0	static
common/board_r.c:255:12:initr_dm_devices	0	static
common/board_r.c:279:12:initr_bootstage	0	static
common/board_r.c:286:12:power_init_board	0	static
common/board_r.c:291:12:initr_announce	0	static
common/board_r.c:306:12:initr_binman	0	static
include/mux.h:120:14:mux_control_states	0	static
include/mux.h:125:18:mux_control_select	0	static
include/mux.h:133:5:mux_control_deselect	0	static
include/mux.h:138:21:mux_control_get	0	static
include/mux.h:143:6:mux_control_put	0	static
include/mux.h:147:21:devm_mux_control_get	0	static
include/mux.h:153:5:dm_mux_init	0	static
common/board_r.c:74:12:board_flash_wp_on	0	static
common/board_r.c:119:12:fixup_cpu	0	static
common/board_r.c:800:6:board_init_r	48	static
