include/log.h:665:19:log_init	0	static
common/board_f.c:122:12:display_text_info	0	static
common/board_f.c:289:12:setup_mon_len	0	static
common/board_f.c:398:12:reserve_round_4k	0	static
common/board_f.c:439:12:reserve_uboot	0	static
common/board_f.c:496:12:reserve_malloc	0	static
common/board_f.c:816:12:checkcpu	0	static
common/board_f.c:264:12:dram_init_banksize	32	static
common/board_f.c:689:12:setup_reloc	16	static
common/board_f.c:630:12:reloc_fdt	16	static
common/board_f.c:409:12:reserve_video	32	static
common/board_f.c:201:12:announce_dram_init	16	static
common/board_f.c:826:12:misc_init_f	0	static
common/board_f.c:116:12:init_baud_rate	16	static
common/board_f.c:789:12:initf_dm	0	static
include/cyclic.h:121:19:cyclic_unregister_all	0	static
common/board_f.c:308:12:setup_spl_handoff	0	static
common/board_f.c:319:12:arch_cpu_init	0	static
common/board_f.c:324:12:mach_cpu_init	0	static
common/board_f.c:404:12:arch_reserve_mmu	0	static
common/board_f.c:427:12:reserve_trace	0	static
common/board_f.c:552:12:reserve_bootstage	0	static
common/board_f.c:583:12:reserve_bloblist	0	static
common/board_f.c:596:12:display_new_sp	0	static
common/board_f.c:645:12:reloc_bootstage	0	static
common/board_f.c:664:12:reloc_bloblist	0	static
common/board_f.c:764:12:initf_bootstage	0	static
common/board_f.c:811:12:reserve_arch	0	static
common/board_f.c:821:12:clear_bss	0	static
common/board_f.c:509:12:reserve_board	16	static
common/board_f.c:531:12:reserve_fdt	0	static
common/board_f.c:522:12:reserve_global_data	0	static
common/board_f.c:66:13:coloured_LED_init	0	static
common/board_f.c:67:13:red_led_on	0	static
common/board_f.c:68:13:red_led_off	0	static
common/board_f.c:69:13:green_led_on	0	static
common/board_f.c:70:13:green_led_off	0	static
common/board_f.c:71:13:yellow_led_on	0	static
common/board_f.c:72:13:yellow_led_off	0	static
common/board_f.c:73:13:blue_led_on	0	static
common/board_f.c:74:13:blue_led_off	0	static
common/board_f.c:111:13:board_add_ram_info	0	static
common/board_f.c:237:12:show_dram_config	32	static
common/board_f.c:330:20:board_get_usable_ram_top	0	static
common/board_f.c:347:12:arch_setup_dest_addr	0	static
common/board_f.c:352:12:setup_dest_addr	32	static
common/board_f.c:566:12:arch_reserve_stacks	0	static
common/board_f.c:571:12:reserve_stacks	0	static
common/board_f.c:603:12:arch_setup_bdinfo	0	static
common/board_f.c:608:5:setup_bdinfo	0	static
common/board_f.c:976:6:board_init_f	48	static
