common/console.c:297:12:console_tstc	80	static
common/console.c:319:13:console_putc	64	static
common/console.c:357:13:console_puts	64	static
common/console.c:369:13:console_flush	48	static
common/console.c:28:12:on_console	48	static
common/console.c:338:13:console_puts_select	80	static
common/console.c:261:13:console_needs_start_stop	64	static
common/console.c:480:5:serial_printf	1216	static
common/console.c:729:6:puts	0	static
common/console.c:688:6:putc	0	static
common/console.c:774:6:flush	0	static
common/console.c:603:5:tstc	0	static
common/console.c:498:5:fgetc.part.0	48	static
common/console.c:580:5:getchar	0	static
common/console.c:351:6:console_puts_select_stderr	0	static
common/console.c:452:5:console_start	32	static
common/console.c:469:6:console_stop	32	static
common/console.c:498:5:fgetc	0	static
common/console.c:531:5:ftstc	0	static
common/console.c:539:6:fputc	0	static
common/console.c:545:6:fputs	0	static
common/console.c:552:6:fflush	0	static
common/console.c:559:5:fprintf	1200	static
common/console.c:863:5:ctrlc	16	static
common/console.c:882:5:confirm_yesno	64	static
common/console.c:909:5:disable_ctrlc	0	static
common/console.c:917:5:had_ctrlc	0	static
common/console.c:922:6:clear_ctrlc	0	static
common/console.c:929:19:console_search_dev	32	static
common/console.c:945:5:console_assign	32	static
common/console.c:983:5:console_announce_r	224	static
common/console.c:997:5:console_init_f	0	static
common/console.c:1008:6:stdio_print_current_devices	32	static
common/console.c:1035:5:console_init_r	64	static
