common/fdt_support.c:1144:12:of_bus_default_map	0	static
common/fdt_support.c:1807:12:fdt_read_prop	0	static
common/fdt_support.c:413:12:fdt_pack_reg	64	static
common/fdt_support.c:1160:12:of_bus_default_translate	64	static
common/fdt_support.c:1511:12:vnode_offset_by_pathf	576	static
common/fdt_support.c:1127:6:fdt_support_default_count_cells	48	static
common/fdt_support.c:1330:12:__of_translate_address	160	static
common/fdt_support.c:37:5:fdt_getprop_u32_default_node	48	static
common/fdt_support.c:67:5:fdt_getprop_u32_default	48	static
common/fdt_support.c:91:5:fdt_find_and_setprop	64	static
common/fdt_support.c:115:5:fdt_find_or_add_subnode	48	static
common/fdt_support.c:186:5:fdt_root	32	static
common/fdt_support.c:212:5:fdt_initrd	96	static
common/fdt_support.c:276:14:board_fdt_chosen_bootargs	0	static
common/fdt_support.c:281:5:fdt_chosen	48	static
common/fdt_support.c:334:6:do_fixup_by_path	32	static
common/fdt_support.c:350:6:do_fixup_by_path_u32	32	static
common/fdt_support.c:357:6:do_fixup_by_prop	96	static
common/fdt_support.c:378:6:do_fixup_by_prop_u32	32	static
common/fdt_support.c:386:6:do_fixup_by_compat	80	static
common/fdt_support.c:402:6:do_fixup_by_compat_u32	32	static
common/fdt_support.c:461:5:fdt_fixup_memory_banks	144	static
common/fdt_support.c:514:5:fdt_set_usable_memory	192	static
common/fdt_support.c:550:5:fdt_fixup_memory	32	static
common/fdt_support.c:555:6:fdt_fixup_ethernet	128	static
common/fdt_support.c:633:5:fdt_record_loadable	112	static
common/fdt_support.c:670:5:fdt_shrink_to_minimum	64	static
common/fdt_support.c:723:5:fdt_delete_disabled_nodes	48	static
common/fdt_support.c:749:5:fdt_pci_dma_ranges	176	static
common/fdt_support.c:813:5:fdt_increase_size	0	static
common/fdt_support.c:1053:6:fdt_del_node_and_alias	32	static
common/fdt_support.c:1403:5:fdt_translate_address	0	static
common/fdt_support.c:1409:5:fdt_translate_dma_address	0	static
common/fdt_support.c:1415:5:fdt_get_dma_range	112	static
common/fdt_support.c:1497:5:fdt_node_offset_by_compat_reg	80	static
common/fdt_support.c:1530:5:fdt_node_offset_by_pathf	128	static
common/fdt_support.c:1549:5:fdt_set_phandle	32	static
common/fdt_support.c:1580:14:fdt_create_phandle	64	static
common/fdt_support.c:1614:14:fdt_create_phandle_by_compatible	32	static
common/fdt_support.c:1634:14:fdt_create_phandle_by_pathf	144	static
common/fdt_support.c:1659:5:fdt_set_node_status	48	static
common/fdt_support.c:1692:5:fdt_set_status_by_alias	32	static
common/fdt_support.c:1708:5:fdt_set_status_by_compatible	32	static
common/fdt_support.c:1727:5:fdt_set_status_by_pathf	144	static
common/fdt_support.c:1752:5:fdt_verify_alias_address	80	static
common/fdt_support.c:1793:5:fdt_get_base_address	48	static
common/fdt_support.c:1856:5:fdt_read_range	112	static
common/fdt_support.c:1924:5:fdt_setup_simplefb_node	144	static
common/fdt_support.c:1977:5:fdt_fixup_display	80	static
common/fdt_support.c:2012:5:fdt_overlay_apply_verbose	48	static
common/fdt_support.c:2039:5:fdt_valid	48	static
