drivers/net/phy/phy.c:449:5:genphy_shutdown	0	static
drivers/net/phy/phy.c:579:5:phy_register	0	static
drivers/net/phy/phy.c:473:5:phy_init	16	static
drivers/net/phy/phy.c:605:5:phy_set_supported	0	static
drivers/net/phy/phy.c:670:20:phy_device_create	64	static
drivers/net/phy/phy.c:725:12:get_phy_id	48	static
drivers/net/phy/phy.c:796:27:get_phy_device_by_mask	128	static
drivers/net/phy/phy.c:912:20:phy_find_by_mask	32	static
drivers/net/phy/phy.c:1059:5:phy_startup	0	static
drivers/net/phy/phy.c:1067:12:board_phy_config	0	static
drivers/net/phy/phy.c:1074:5:phy_config	0	static
drivers/net/phy/phy.c:1080:5:phy_shutdown	16	static
drivers/net/phy/phy.c:1115:5:phy_read	0	static
drivers/net/phy/phy.c:225:5:genphy_update_link	64	static
drivers/net/phy/phy.c:294:5:genphy_parse_link	48	static
drivers/net/phy/phy.c:438:5:genphy_startup	32	static
drivers/net/phy/phy.c:1135:5:phy_write	0	static
drivers/net/phy/phy.c:154:5:genphy_restart_aneg	32	static
drivers/net/phy/phy.c:181:5:genphy_config_aneg	48	static
drivers/net/phy/phy.c:387:5:genphy_config	32	static
drivers/net/phy/phy.c:851:5:phy_reset	48	static
drivers/net/phy/phy.c:902:5:miiphy_reset	32	static
drivers/net/phy/phy.c:926:6:phy_connect_dev	48	static
drivers/net/phy/phy.c:1015:20:phy_connect	64	static
drivers/net/phy/phy.c:1096:5:phy_modify	64	static
drivers/net/phy/phy.c:1154:6:phy_mmd_start_indirect	48	static
drivers/net/phy/phy.c:1175:5:phy_read_mmd	32	static
drivers/net/phy/phy.c:1207:5:phy_write_mmd	32	static
drivers/net/phy/phy.c:1239:5:phy_set_bits_mmd	48	static
drivers/net/phy/phy.c:1265:5:phy_clear_bits_mmd	48	static
drivers/net/phy/phy.c:1282:6:phy_interface_is_ncsi	16	static
