drivers/reset/reset-uclass.c:38:12:reset_get_by_index_tail.part.0.constprop	64	static
drivers/reset/reset-uclass.c:80:5:reset_get_by_index	112	static
drivers/reset/reset-uclass.c:93:5:reset_get_by_index_nodev	112	static
drivers/reset/reset-uclass.c:147:5:reset_get_by_name	32	static
drivers/reset/reset-uclass.c:165:5:reset_request	0	static
drivers/reset/reset-uclass.c:174:5:reset_free	0	static
drivers/reset/reset-uclass.c:183:5:reset_assert	0	static
drivers/reset/reset-uclass.c:192:5:reset_assert_bulk	32	static
drivers/reset/reset-uclass.c:205:5:reset_deassert	0	static
drivers/reset/reset-uclass.c:214:5:reset_deassert_bulk	32	static
drivers/reset/reset-uclass.c:227:5:reset_status	0	static
drivers/reset/reset-uclass.c:236:5:reset_release_all	48	static
drivers/reset/reset-uclass.c:106:12:__reset_get_bulk.constprop	64	static
drivers/reset/reset-uclass.c:142:5:reset_get_bulk	0	static
drivers/reset/reset-uclass.c:264:19:devm_reset_control_get_by_index	48	static
drivers/reset/reset-uclass.c:283:19:devm_reset_control_get	48	static
drivers/reset/reset-uclass.c:301:19:devm_reset_control_get_optional	16	static
drivers/reset/reset-uclass.c:319:24:devm_reset_bulk_get_by_node	32	static
drivers/reset/reset-uclass.c:341:24:devm_reset_bulk_get_optional_by_node	16	static
drivers/reset/reset-uclass.c:354:24:devm_reset_bulk_get	0	static
drivers/reset/reset-uclass.c:359:24:devm_reset_bulk_get_optional	0	static
