lib/efi_loader/efi_console.c:466:13:efi_clear_screen	16	static
lib/efi_loader/efi_console.c:925:13:efi_cin_empty_buffer	16	static
lib/efi_loader/efi_console.c:80:12:term_get_char	32	static
lib/efi_loader/efi_console.c:606:28:efi_cout_enable_cursor	32	static
lib/efi_loader/efi_console.c:564:28:efi_cout_set_cursor_position	64	static
lib/efi_loader/efi_console.c:487:28:efi_cout_clear_screen	16	static
lib/efi_loader/efi_console.c:444:28:efi_cout_set_attribute	32	static
lib/efi_loader/efi_console.c:508:28:efi_cout_set_mode	32	static
lib/efi_loader/efi_console.c:242:28:efi_cout_test_string	16	static
lib/efi_loader/efi_console.c:537:28:efi_cout_reset	16	static
lib/efi_loader/efi_console.c:1044:28:efi_cin_set_state	16	static
lib/efi_loader/efi_console.c:946:28:efi_cin_reset_ex	32	static
lib/efi_loader/efi_console.c:1169:28:efi_cin_reset	0	static
lib/efi_loader/efi_console.c:153:28:efi_cout_output_string	64	static
lib/efi_loader/efi_console.c:1125:28:efi_cin_unregister_key_notify	32	static
lib/efi_loader/efi_console.c:1074:28:efi_cin_register_key_notify	48	static
lib/efi_loader/efi_console.c:398:28:efi_cout_query_mode	48	static
lib/efi_loader/efi_console.c:351:6:efi_setup_console_size	64	static
lib/efi_loader/efi_console.c:655:6:set_shift_mask	0	static
lib/efi_loader/efi_console.c:679:12:analyze_modifiers.constprop	48	static
lib/efi_loader/efi_console.c:898:13:efi_cin_check	64	static
lib/efi_loader/efi_console.c:1201:28:efi_cin_read_key_stroke	32	static
lib/efi_loader/efi_console.c:1255:20:efi_console_timer_notify	16	static
lib/efi_loader/efi_console.c:978:28:efi_cin_read_key_stroke_ex	32	static
lib/efi_loader/efi_console.c:1269:20:efi_key_notify	16	static
lib/efi_loader/efi_console.c:1283:14:efi_console_register	48	static
lib/efi_loader/efi_console.c:1349:14:efi_console_get_u16_string	128	static
