lib/efi_loader/efi_memory.c:88:12:efi_mem_cmp	0	static
lib/efi_loader/efi_memory.c:386:21:efi_check_allocated	0	static
lib/efi_loader/efi_memory.c:406:17:efi_find_free_memory	0	static
lib/efi_loader/efi_memory.c:242:21:efi_add_memory_map_pg	112	static
lib/efi_loader/efi_memory.c:361:14:efi_add_memory_map	0	static
lib/efi_loader/efi_memory.c:457:14:efi_allocate_pages	32	static
lib/efi_loader/efi_memory.c:510:7:efi_alloc	32	static
lib/efi_loader/efi_memory.c:531:14:efi_free_pages	16	static
lib/efi_loader/efi_memory.c:562:7:efi_alloc_aligned_pages	64	static
lib/efi_loader/efi_memory.c:614:14:efi_allocate_pool	48	static
lib/efi_loader/efi_memory.c:648:14:efi_free_pool	16	static
lib/efi_loader/efi_memory.c:687:14:efi_get_memory_map	48	static
lib/efi_loader/efi_memory.c:748:14:efi_get_memory_map_alloc	48	static
lib/efi_loader/efi_memory.c:781:14:efi_add_conventional_memory_map	48	static
lib/efi_loader/efi_memory.c:821:13:efi_add_known_memory	32	static
lib/efi_loader/efi_memory.c:884:5:efi_memory_init	16	static
