lib/efi_loader/efi_file.c:1057:28:efi_file_flush_ex	32	static
lib/efi_loader/efi_file.c:764:28:efi_file_getpos	32	static
lib/efi_loader/efi_file.c:489:13:rtc2efi	32	static
lib/efi_loader/efi_file.c:56:12:set_blk_dev.isra	0	static
lib/efi_loader/efi_file.c:175:32:file_open	112	static
lib/efi_loader/efi_file.c:385:28:efi_file_delete	32	static
lib/efi_loader/efi_file.c:406:21:efi_get_file_size	32	static
lib/efi_loader/efi_file.c:934:28:efi_file_setinfo	80	static
lib/efi_loader/efi_file.c:654:21:efi_file_write_int	64	static
lib/efi_loader/efi_file.c:731:28:efi_file_write_ex	32	static
lib/efi_loader/efi_file.c:706:28:efi_file_write	48	static
lib/efi_loader/efi_file.c:1034:28:efi_file_flush	32	static
lib/efi_loader/efi_file.c:379:28:efi_file_close	32	static
lib/efi_loader/efi_file.c:833:28:efi_file_getinfo	208	static
lib/efi_loader/efi_file.c:249:14:efi_file_open_int	32	static
lib/efi_loader/efi_file.c:337:28:efi_file_open_ex	64	static
lib/efi_loader/efi_file.c:308:28:efi_file_open	64	static
lib/efi_loader/efi_file.c:372:14:efi_file_close_int	32	static
lib/efi_loader/efi_file.c:426:14:efi_file_size	64	static
lib/efi_loader/efi_file.c:571:14:efi_file_read_int	96	static
lib/efi_loader/efi_file.c:631:28:efi_file_read_ex	32	static
lib/efi_loader/efi_file.c:607:28:efi_file_read	48	static
lib/efi_loader/efi_file.c:782:14:efi_file_setpos_int	48	static
lib/efi_loader/efi_file.c:821:28:efi_file_setpos	32	static
lib/efi_loader/efi_file.c:1113:25:efi_file_from_path	64	static
lib/efi_loader/efi_file.c:1176:14:efi_open_volume_int	32	static
lib/efi_loader/efi_file.c:1187:1:efi_open_volume	32	static
lib/efi_loader/efi_file.c:1196:1:efi_simple_file_system	48	static
