net/net.c:370:13:net_clear_handlers	0	static
net/net.c:732:13:start_again_timeout_handler	0	static
net/net.c:796:13:dummy_handler	0	static
net/net.c:212:12:on_ipaddr	16	static
net/net.c:224:12:on_gatewayip	16	static
net/net.c:236:12:on_netmask	16	static
net/net.c:248:12:on_serverip	16	static
net/net.c:346:12:net_init_loop	16	static
net/net.c:382:5:net_init	32	static
net/net.c:737:5:net_start_again	32	static
net/net.c:802:11:net_get_udp_handler	0	static
net/net.c:807:6:net_set_udp_handler	0	static
net/net.c:816:11:net_get_arp_handler	0	static
net/net.c:821:6:net_set_arp_handler	0	static
net/net.c:837:6:net_set_timeout_handler	32	static
net/net.c:852:8:net_get_async_tx_pkt_buf	16	static
net/net.c:1155:6:net_process_received_packet	64	static
net/net.c:1542:1:net_eth_hdr_size	0	static
net/net.c:1554:5:net_set_ether	48	static
net/net.c:1579:5:net_update_ether	32	static
net/net.c:1602:6:net_set_ip_header	48	static
net/net.c:1627:6:net_set_udp_header	48	static
net/net.c:877:5:net_send_ip_packet	96	static
net/net.c:860:5:net_send_udp_packet	32	static
net/net.c:1649:6:copy_filename	0	static
net/net.c:1661:5:is_serverip_in_cmd	16	static
net/net.c:1431:12:net_check_prereq	16	static
net/net.c:302:6:net_auto_load	32	static
net/net.c:416:5:net_loop	112	static
net/net.c:1666:5:net_parse_bootfile	64	static
net/net.c:1691:6:ip_to_string	0	static
net/net.c:1702:6:vlan_to_string	0	static
net/net.c:1715:8:string_to_vlan	16	static
net/net.c:260:12:on_nvlan	16	static
net/net.c:272:12:on_vlan	16	static
net/net.c:1730:8:env_get_vlan	16	static
