drivers/core/uclass.c:26:16:uclass_find	0	static
drivers/core/uclass.c:111:5:uclass_destroy	48	static
drivers/core/uclass.c:145:5:uclass_get	64	static
drivers/core/uclass.c:164:13:uclass_get_name	32	static
drivers/core/uclass.c:173:7:uclass_get_priv	0	static
drivers/core/uclass.c:178:6:uclass_set_priv	0	static
drivers/core/uclass.c:183:16:uclass_get_by_namelen	48	static
drivers/core/uclass.c:198:16:uclass_get_by_name	32	static
drivers/core/uclass.c:203:5:dev_get_uclass_index	0	static
drivers/core/uclass.c:224:5:uclass_find_device	48	static
drivers/core/uclass.c:247:5:uclass_find_first_device	48	static
drivers/core/uclass.c:264:5:uclass_find_next_device	0	static
drivers/core/uclass.c:581:13:_uclass_next_device	48	static
drivers/core/uclass.c:277:5:uclass_find_device_by_namelen	80	static
drivers/core/uclass.c:302:5:uclass_find_device_by_name	48	static
drivers/core/uclass.c:308:5:uclass_find_next_free_seq	32	static
drivers/core/uclass.c:331:5:uclass_find_device_by_seq	48	static
drivers/core/uclass.c:358:5:uclass_find_device_by_of_offset	48	static
drivers/core/uclass.c:382:5:uclass_find_device_by_ofnode	48	static
drivers/core/uclass.c:414:5:uclass_find_device_by_phandle	80	static
drivers/core/uclass.c:445:5:uclass_get_device_by_driver	64	static
drivers/core/uclass.c:465:5:uclass_get_device_tail	32	static
drivers/core/uclass.c:480:5:uclass_get_device	48	static
drivers/core/uclass.c:490:5:uclass_get_device_by_name	48	static
drivers/core/uclass.c:501:5:uclass_get_device_by_seq	48	static
drivers/core/uclass.c:512:5:uclass_get_device_by_of_offset	48	static
drivers/core/uclass.c:523:5:uclass_get_device_by_ofnode	48	static
drivers/core/uclass.c:539:5:uclass_get_device_by_phandle_id	64	static
drivers/core/uclass.c:565:5:uclass_get_device_by_phandle	48	static
drivers/core/uclass.c:590:6:uclass_first_device	48	static
drivers/core/uclass.c:599:6:uclass_next_device	32	static
drivers/core/uclass.c:633:5:uclass_first_device_check	32	static
drivers/core/uclass.c:607:5:uclass_first_device_err	32	static
drivers/core/uclass.c:647:5:uclass_next_device_check	16	static
drivers/core/uclass.c:620:5:uclass_next_device_err	32	static
drivers/core/uclass.c:660:5:uclass_get_count	0	static
drivers/core/uclass.c:673:5:uclass_first_device_drvdata	64	static
drivers/core/uclass.c:690:5:uclass_bind_device	32	static
drivers/core/uclass.c:717:5:uclass_pre_unbind_device	0	static
drivers/core/uclass.c:732:5:uclass_unbind_device	0	static
drivers/core/uclass.c:740:5:uclass_pre_probe_device	32	static
drivers/core/uclass.c:764:5:uclass_post_probe_device	32	static
drivers/core/uclass.c:789:5:uclass_pre_remove_device	0	static
drivers/core/uclass.c:805:5:uclass_probe_all	48	static
drivers/core/uclass.c:822:5:uclass_id_count	32	static
